
> gym-pg-saas@0.0.0 build
> ng build

[33m❯[39m Building...
[32m✔[39m Building...
Application bundle generation failed. [17.420 seconds]

[1m[31m[31mX [41;31m[[41;97mERROR[41;31m][0m [1mTS2688: Cannot find type definition file for 'firebase'.
  The file is in the program because:
    Entry point of type library 'firebase' specified in compilerOptions[0m [1m[35m[plugin angular-compiler][0m


[31mX [41;31m[[41;97mERROR[41;31m][0m [1mTS2578: Unused '@ts-expect-error' directive.[0m [1m[35m[plugin angular-compiler][0m

    src/app/core/services/auth.service.ts:9:0:
[37m      9 │ [32m// @ts-expect-error Firebase v12 exports these for client auth[37m
        ╵ [32m~~~~~~~~~~~~~~~~~~~~~~~~~~~~~~~~~~~~~~~~~~~~~~~~~~~~~~~~~~~~~~[0m


[31mX [41;31m[[41;97mERROR[41;31m][0m [1mTS2578: Unused '@ts-expect-error' directive.[0m [1m[35m[plugin angular-compiler][0m

    src/app/core/services/complaint.service.ts:4:2:
[37m      4 │   [32m// @ts-expect-error addDoc not exported from Firebase v12 client SDK[37m
        ╵   [32m~~~~~~~~~~~~~~~~~~~~~~~~~~~~~~~~~~~~~~~~~~~~~~~~~~~~~~~~~~~~~~~~~~~~[0m


[31mX [41;31m[[41;97mERROR[41;31m][0m [1mTS2578: Unused '@ts-expect-error' directive.[0m [1m[35m[plugin angular-compiler][0m

    src/app/core/services/subscription.service.ts:11:2:
[37m      11 │   [32m// @ts-expect-error addDoc not exported from Firebase v12 client[37m...
         ╵   [32m~~~~~~~~~~~~~~~~~~~~~~~~~~~~~~~~~~~~~~~~~~~~~~~~~~~~~~~~~~~~~~~~[0m

[39m[22m
